23/11/2021 15:39:26 =============================================================
23/11/2021 15:39:26 Decay RATE: 0.000825
23/11/2021 15:39:26 RANDOM SEED: 20211123
23/11/2021 15:39:26 ITERATION PROPORTION: 0.3
23/11/2021 15:39:26 THRESHOLD FUNC: 1 - math.exp(iteration / max_iteration - 1)
23/11/2021 15:39:26 +++++++++++++++++++++++++++++++++++++++++++++
23/11/2021 15:39:41 Length 100 avg50 benefits = 2942.696511490025
23/11/2021 15:40:21 Length 150 avg50 benefits = 3674.4407349790577
23/11/2021 15:41:42 Length 200 avg50 benefits = 4460.075491700105
23/11/2021 15:49:03 =============================================================
23/11/2021 15:49:03 Decay RATE: 0.000825
23/11/2021 15:49:03 RANDOM SEED: 23348417
23/11/2021 15:49:03 ITERATION PROPORTION: 0.3
23/11/2021 15:49:03 THRESHOLD FUNC: 1 - math.exp(iteration / max_iteration - 1)
23/11/2021 15:49:03 +++++++++++++++++++++++++++++++++++++++++++++
23/11/2021 15:49:19 Length 100 avg50 benefits = 2946.159858637304
23/11/2021 15:49:59 Length 150 avg50 benefits = 3671.074239854538
23/11/2021 15:51:23 Length 200 avg50 benefits = 4461.15945892368
23/11/2021 15:51:59 =============================================================
23/11/2021 15:51:59 Decay RATE: 0.000825
23/11/2021 15:51:59 RANDOM SEED: 79498651
23/11/2021 15:51:59 ITERATION PROPORTION: 0.3
23/11/2021 15:51:59 THRESHOLD FUNC: 1 - math.exp(iteration / max_iteration - 1)
23/11/2021 15:51:59 +++++++++++++++++++++++++++++++++++++++++++++
23/11/2021 15:52:14 Length 100 avg50 benefits = 2944.5354140115164
23/11/2021 15:52:52 Length 150 avg50 benefits = 3668.406808278685
23/11/2021 15:54:14 Length 200 avg50 benefits = 4462.096272132674
23/11/2021 15:55:29 =============================================================
23/11/2021 15:55:29 Decay RATE: 0.000825
23/11/2021 15:55:29 RANDOM SEED: 79498651
23/11/2021 15:55:29 ITERATION PROPORTION: 0.3
23/11/2021 15:55:29 THRESHOLD FUNC: 1 - iteration / max_iteration
23/11/2021 15:55:29 +++++++++++++++++++++++++++++++++++++++++++++
23/11/2021 15:55:42 Length 100 avg50 benefits = 2945.80615865552
23/11/2021 15:56:14 Length 150 avg50 benefits = 3671.611578579543
23/11/2021 15:57:20 Length 200 avg50 benefits = 4461.506995162667
23/11/2021 15:58:11 =============================================================
23/11/2021 15:58:11 Decay RATE: 0.000825
23/11/2021 15:58:11 RANDOM SEED: 23348417
23/11/2021 15:58:11 ITERATION PROPORTION: 0.3
23/11/2021 15:58:11 THRESHOLD FUNC: 1 - iteration / max_iteration
23/11/2021 15:58:11 +++++++++++++++++++++++++++++++++++++++++++++
23/11/2021 15:58:24 Length 100 avg50 benefits = 2946.4370292750323
23/11/2021 15:58:55 Length 150 avg50 benefits = 3672.7656688961356
23/11/2021 15:59:58 Length 200 avg50 benefits = 4460.444295652435
23/11/2021 16:00:28 =============================================================
23/11/2021 16:00:28 Decay RATE: 0.000825
23/11/2021 16:00:28 RANDOM SEED: 20211123
23/11/2021 16:00:28 ITERATION PROPORTION: 0.3
23/11/2021 16:00:28 THRESHOLD FUNC: 1 - iteration / max_iteration
23/11/2021 16:00:28 +++++++++++++++++++++++++++++++++++++++++++++
23/11/2021 16:00:40 Length 100 avg50 benefits = 2944.8065983879005
23/11/2021 16:01:10 Length 150 avg50 benefits = 3669.0578433358028
23/11/2021 16:02:15 Length 200 avg50 benefits = 4459.704046379378
23/11/2021 16:02:22 =============================================================
23/11/2021 16:02:22 Decay RATE: 0.000825
23/11/2021 16:02:22 RANDOM SEED: 20211123
23/11/2021 16:02:22 ITERATION PROPORTION: 0.3
23/11/2021 16:02:22 THRESHOLD FUNC: 1 - (iteration / max_iteration) ** 2
23/11/2021 16:02:22 +++++++++++++++++++++++++++++++++++++++++++++
23/11/2021 16:02:31 Length 100 avg50 benefits = 2940.305183656198
23/11/2021 16:02:51 Length 150 avg50 benefits = 3666.945544101696
23/11/2021 16:03:32 Length 200 avg50 benefits = 4460.28524535985
23/11/2021 16:04:01 =============================================================
23/11/2021 16:04:01 Decay RATE: 0.000825
23/11/2021 16:04:01 RANDOM SEED: 23348417
23/11/2021 16:04:01 ITERATION PROPORTION: 0.3
23/11/2021 16:04:01 THRESHOLD FUNC: 1 - (iteration / max_iteration) ** 2
23/11/2021 16:04:01 +++++++++++++++++++++++++++++++++++++++++++++
23/11/2021 16:04:11 Length 100 avg50 benefits = 2942.1870045244514
23/11/2021 16:04:30 Length 150 avg50 benefits = 3669.186732250609
23/11/2021 16:05:12 Length 200 avg50 benefits = 4459.8432292772595
23/11/2021 16:05:17 =============================================================
23/11/2021 16:05:17 Decay RATE: 0.000825
23/11/2021 16:05:17 RANDOM SEED: 79498651
23/11/2021 16:05:17 ITERATION PROPORTION: 0.3
23/11/2021 16:05:17 THRESHOLD FUNC: 1 - (iteration / max_iteration) ** 2
23/11/2021 16:05:17 +++++++++++++++++++++++++++++++++++++++++++++
23/11/2021 16:05:26 Length 100 avg50 benefits = 2940.210749645912
23/11/2021 16:05:48 Length 150 avg50 benefits = 3665.8488414206277
23/11/2021 16:06:33 Length 200 avg50 benefits = 4461.178340979243
23/11/2021 16:11:04 =============================================================
23/11/2021 16:13:34 =============================================================
23/11/2021 16:13:34 Decay RATE: 0.000825
23/11/2021 16:13:34 RANDOM SEED: 79498651
23/11/2021 16:13:34 ITERATION PROPORTION: 0.3
23/11/2021 16:13:34 THRESHOLD FUNC: 2 / (iteration / max_iteration + 1) - 1
23/11/2021 16:13:34 +++++++++++++++++++++++++++++++++++++++++++++
23/11/2021 16:13:52 Length 100 avg50 benefits = 2948.3275117672515
23/11/2021 16:14:34 Length 150 avg50 benefits = 3670.545722604432
23/11/2021 16:16:00 Length 200 avg50 benefits = 4465.391069170037
23/11/2021 16:16:14 =============================================================
23/11/2021 16:16:14 Decay RATE: 0.000825
23/11/2021 16:16:14 RANDOM SEED: 23348417
23/11/2021 16:16:14 ITERATION PROPORTION: 0.3
23/11/2021 16:16:14 THRESHOLD FUNC: 2 / (iteration / max_iteration + 1) - 1
23/11/2021 16:16:14 +++++++++++++++++++++++++++++++++++++++++++++
23/11/2021 16:16:30 Length 100 avg50 benefits = 2948.776994924634
23/11/2021 16:17:09 Length 150 avg50 benefits = 3671.5833117737916
23/11/2021 16:18:33 Length 200 avg50 benefits = 4463.7537907559345
23/11/2021 16:18:50 =============================================================
23/11/2021 16:18:50 Decay RATE: 0.000825
23/11/2021 16:18:50 RANDOM SEED: 20211123
23/11/2021 16:18:50 ITERATION PROPORTION: 0.3
23/11/2021 16:18:50 THRESHOLD FUNC: 2 / (iteration / max_iteration + 1) - 1
23/11/2021 16:18:50 +++++++++++++++++++++++++++++++++++++++++++++
23/11/2021 16:19:06 Length 100 avg50 benefits = 2945.9966746635573
23/11/2021 16:19:44 Length 150 avg50 benefits = 3675.255315921205
23/11/2021 16:21:07 Length 200 avg50 benefits = 4464.707977549288
23/11/2021 16:28:59 =============================================================
23/11/2021 16:28:59 Decay RATE: 0.000825
23/11/2021 16:28:59 RANDOM SEED: 20211123
23/11/2021 16:28:59 ITERATION PROPORTION: 0.3
23/11/2021 16:28:59 THRESHOLD FUNC: 0 if iteration == max_iteration else 0.2
23/11/2021 16:28:59 +++++++++++++++++++++++++++++++++++++++++++++
23/11/2021 16:29:18 Length 100 avg50 benefits = 2948.4357563125004
23/11/2021 16:30:11 Length 150 avg50 benefits = 3670.1733839569224
23/11/2021 16:31:59 Length 200 avg50 benefits = 4458.473821710208
23/11/2021 16:32:05 =============================================================
23/11/2021 16:32:05 Decay RATE: 0.000825
23/11/2021 16:32:05 RANDOM SEED: 23348417
23/11/2021 16:32:05 ITERATION PROPORTION: 0.3
23/11/2021 16:32:05 THRESHOLD FUNC: 0 if iteration == max_iteration else 0.2
23/11/2021 16:32:05 +++++++++++++++++++++++++++++++++++++++++++++
23/11/2021 16:32:25 Length 100 avg50 benefits = 2945.166357515077
23/11/2021 16:33:11 Length 150 avg50 benefits = 3667.871460415813
23/11/2021 16:34:56 Length 200 avg50 benefits = 4458.473821710208
23/11/2021 16:35:12 =============================================================
23/11/2021 16:35:12 Decay RATE: 0.000825
23/11/2021 16:35:12 RANDOM SEED: 79498651
23/11/2021 16:35:12 ITERATION PROPORTION: 0.3
23/11/2021 16:35:12 THRESHOLD FUNC: 0 if iteration == max_iteration else 0.2
23/11/2021 16:35:12 +++++++++++++++++++++++++++++++++++++++++++++
23/11/2021 16:35:34 Length 100 avg50 benefits = 2948.8236281987033
23/11/2021 16:36:27 Length 150 avg50 benefits = 3666.298498553773
23/11/2021 16:38:18 Length 200 avg50 benefits = 4458.801881707901
23/11/2021 16:38:26 =============================================================
23/11/2021 16:38:26 Decay RATE: 0.000825
23/11/2021 16:38:26 RANDOM SEED: 79498651
23/11/2021 16:38:26 ITERATION PROPORTION: 0.3
23/11/2021 16:38:26 THRESHOLD FUNC: 0 if iteration == max_iteration else 0.05
23/11/2021 16:38:26 +++++++++++++++++++++++++++++++++++++++++++++
23/11/2021 16:38:49 Length 100 avg50 benefits = 2969.124301582986
23/11/2021 16:39:46 Length 150 avg50 benefits = 3685.779933928739
23/11/2021 16:41:55 Length 200 avg50 benefits = 4476.2072594009405
23/11/2021 16:42:01 =============================================================
23/11/2021 16:42:01 Decay RATE: 0.000825
23/11/2021 16:42:01 RANDOM SEED: 23348417
23/11/2021 16:42:01 ITERATION PROPORTION: 0.3
23/11/2021 16:42:01 THRESHOLD FUNC: 0 if iteration == max_iteration else 0.05
23/11/2021 16:42:01 +++++++++++++++++++++++++++++++++++++++++++++
23/11/2021 16:42:24 Length 100 avg50 benefits = 2963.8229607295098
23/11/2021 16:43:19 Length 150 avg50 benefits = 3692.0721882452403
23/11/2021 16:45:24 Length 200 avg50 benefits = 4476.250739216784
23/11/2021 16:45:57 =============================================================
23/11/2021 16:45:57 Decay RATE: 0.000825
23/11/2021 16:45:57 RANDOM SEED: 20211123
23/11/2021 16:45:57 ITERATION PROPORTION: 0.3
23/11/2021 16:45:57 THRESHOLD FUNC: 0 if iteration == max_iteration else 0.05
23/11/2021 16:45:57 +++++++++++++++++++++++++++++++++++++++++++++
23/11/2021 16:46:19 Length 100 avg50 benefits = 2963.8650811548605
23/11/2021 16:47:16 Length 150 avg50 benefits = 3687.645560992666
23/11/2021 16:49:28 Length 200 avg50 benefits = 4478.0987016179415
